warning: Unused imported module
  ┌─ /home/lewis/src/meal-planner/server/test/server/live_dashboard_test.gleam:4:1
  │
4 │ import gleam/int
  │ ^^^^^^^^^^^^^^^^ This imported module is never used

Hint: You can safely remove it.

   Compiled in 0.06s
    Running server_test.main
[32m.[39m[32m.[39m[32m.[39m[32m.[39m[32m.[39m[32m.[39m[32m.[39m[32m.[39m[32m.[39m[32m.[39m[32m.[39m[32m.[39m[32m.[39m[32m.[39m[32m.[39m[32m.[39m[32m.[39m[32m.[39m[32m.[39m[32m.[39m[32m.[39m[32m.[39m[32m.[39m[32m.[39m[32m.[39m[32m.[39m[32m.[39m[32m.[39m[32m.[39m[32m.[39m[32m.[39m[32m.[39m[32m.[39m[32m.[39m[32m.[39m[32m.[39m[32m.[39m[32m.[39m[32m.[39m[32m.[39m[32m.[39m[32m.[39m[32m.[39m[32m.[39m[32m.[39m[32m.[39m[32m
46 passed, no failures[39m
